// Jest Snapshot v1, https://goo.gl/fbAQLP

exports[`Menu component renders Logo with content 1`] = `
<div>
  <div
    class="chakra-stack css-od3pg5"
  >
    <h4
      class="chakra-heading css-7ikyn6"
    />
    <ul
      aria-label="list-icon"
      class="css-1gvjgvu"
      role="list"
    >
      <li
        aria-label="item-icon"
        class="css-0"
      >
        <a
          aria-label="navigate-item"
          class="chakra-link css-fx4yts"
          href="/supports"
        >
          <div
            class="css-1lekzkb"
          >
            <div
              class="css-156rdqq"
            >
              <svg
                fill="none"
                height="18"
                viewBox="0 0 20 18"
                width="20"
                xmlns="http://www.w3.org/2000/svg"
              >
                <path
                  class="path-1"
                  d="M5 2V11C5 12.1046 5.89543 13 7 13H18C19.1046 13 20 12.1046 20 11V2C20 0.895431 19.1046 0 18 0H7C5.89543 0 5 0.89543 5 2Z"
                  fill="#1A202C"
                />
                <path
                  class="path-2"
                  d="M0 15C0 13.8954 0.895431 13 2 13H2.17157C2.70201 13 3.21071 13.2107 3.58579 13.5858C4.36683 14.3668 5.63317 14.3668 6.41421 13.5858C6.78929 13.2107 7.29799 13 7.82843 13H8C9.10457 13 10 13.8954 10 15V16C10 17.1046 9.10457 18 8 18H2C0.89543 18 0 17.1046 0 16V15Z"
                  fill="#22C55E"
                />
                <path
                  class="path-2"
                  d="M7.5 9.5C7.5 10.8807 6.38071 12 5 12C3.61929 12 2.5 10.8807 2.5 9.5C2.5 8.11929 3.61929 7 5 7C6.38071 7 7.5 8.11929 7.5 9.5Z"
                  fill="#22C55E"
                />
                <path
                  class="path-2"
                  clip-rule="evenodd"
                  d="M8.25 4.5C8.25 4.08579 8.58579 3.75 9 3.75L16 3.75C16.4142 3.75 16.75 4.08579 16.75 4.5C16.75 4.91421 16.4142 5.25 16 5.25L9 5.25C8.58579 5.25 8.25 4.91421 8.25 4.5Z"
                  fill="#22C55E"
                  fill-rule="evenodd"
                />
                <path
                  class="path-2"
                  clip-rule="evenodd"
                  d="M11.25 8.5C11.25 8.08579 11.5858 7.75 12 7.75L16 7.75C16.4142 7.75 16.75 8.08579 16.75 8.5C16.75 8.91421 16.4142 9.25 16 9.25L12 9.25C11.5858 9.25 11.25 8.91421 11.25 8.5Z"
                  fill="#22C55E"
                  fill-rule="evenodd"
                />
              </svg>
              <p
                class="chakra-text css-1bcsbvl"
              >
                Supports
              </p>
            </div>
          </div>
        </a>
      </li>
      <li
        aria-label="item-icon"
        class="css-0"
      >
        <a
          aria-label="navigate-item"
          class="chakra-link css-fx4yts"
          href="/settings"
        >
          <div
            class="css-1lekzkb"
          >
            <div
              class="css-156rdqq"
            >
              <svg
                fill="none"
                height="24"
                viewBox="0 0 24 24"
                width="24"
                xmlns="http://www.w3.org/2000/svg"
              >
                <path
                  class="path-1"
                  d="M13.0606 2H10.9394C9.76787 2 8.81817 2.89543 8.81817 4C8.81817 5.26401 7.46574 6.06763 6.35556 5.4633L6.24279 5.40192C5.22823 4.84963 3.93091 5.17738 3.34515 6.13397L2.28455 7.86602C1.69879 8.8226 2.0464 10.0458 3.06097 10.5981C4.17168 11.2027 4.17168 12.7973 3.06096 13.4019C2.0464 13.9542 1.69879 15.1774 2.28454 16.134L3.34515 17.866C3.93091 18.8226 5.22823 19.1504 6.24279 18.5981L6.35555 18.5367C7.46574 17.9324 8.81817 18.736 8.81817 20C8.81817 21.1046 9.76787 22 10.9394 22H13.0606C14.2321 22 15.1818 21.1046 15.1818 20C15.1818 18.736 16.5343 17.9324 17.6445 18.5367L17.7572 18.5981C18.7718 19.1504 20.0691 18.8226 20.6548 17.866L21.7155 16.134C22.3012 15.1774 21.9536 13.9542 20.939 13.4019C19.8283 12.7973 19.8283 11.2027 20.939 10.5981C21.9536 10.0458 22.3012 8.82262 21.7155 7.86603L20.6548 6.13398C20.0691 5.1774 18.7718 4.84965 17.7572 5.40193L17.6445 5.46331C16.5343 6.06765 15.1818 5.26402 15.1818 4C15.1818 2.89543 14.2321 2 13.0606 2Z"
                  fill="#1A202C"
                />
                <path
                  class="path-2"
                  d="M15.75 12C15.75 14.0711 14.0711 15.75 12 15.75C9.92893 15.75 8.25 14.0711 8.25 12C8.25 9.92893 9.92893 8.25 12 8.25C14.0711 8.25 15.75 9.92893 15.75 12Z"
                  fill="#22C55E"
                />
              </svg>
              <p
                class="chakra-text css-1bcsbvl"
              >
                Settings
              </p>
            </div>
          </div>
        </a>
      </li>
    </ul>
  </div>
  <span
    hidden=""
    id="__chakra_env"
  />
</div>
`;
