// Jest Snapshot v1, https://goo.gl/fbAQLP

exports[`ProductPage render Should render match with snapshot. 1`] = `
<div>
  <span
    hidden=""
    id="__chakra_env"
  />
</div>
`;
