// Jest Snapshot v1, https://goo.gl/fbAQLP

exports[`FaqPage renders FaqPage component correctly 1`] = `
<DocumentFragment>
  <div
    class="css-2u6dg0"
  >
    <form
      class="chakra-stack css-otx4ua"
      id="register-form"
    >
      <div
        class="css-zf62g1"
      >
        <h3
          class="chakra-heading css-1kyw7bp"
        >
          Password
        </h3>
        <p
          class="chakra-text css-1hfnimn"
        >
          Change or view your password
        </p>
      </div>
      <div
        class="chakra-form-control css-1kxonj9"
        role="group"
      >
        <label
          class="chakra-form__label css-5rqtjg"
          for="field-:r2:"
          id="field-:r2:-label"
        >
          Old password
        </label>
        <div
          class="chakra-form-control css-1kxonj9"
          role="group"
        >
          <div
            class="chakra-input__group css-1091msq"
            data-group="true"
          >
            <input
              aria-label="oldPassword"
              class="chakra-input css-y1ysar"
              id="field-:r3:"
              name="oldPassword"
              role="textbox"
              type="password"
              value=""
            />
            <button
              aria-label="The eye icon"
              class="chakra-input__right-element css-1stj06r"
              data-testid="right-icon-input"
              type="button"
            >
              <svg
                class="chakra-icon css-xnnqpn"
                focusable="false"
                viewBox="0 0 24 24"
              >
                <g
                  fill="currentColor"
                >
                  <path
                    d="M23.2,10.549a20.954,20.954,0,0,0-4.3-3.6l4-3.995a1,1,0,1,0-1.414-1.414l-.018.018a.737.737,0,0,1-.173.291l-19.5,19.5c-.008.007-.018.009-.026.017a1,1,0,0,0,1.631,1.088l4.146-4.146a11.26,11.26,0,0,0,4.31.939h.3c4.256,0,8.489-2.984,11.051-5.8A2.171,2.171,0,0,0,23.2,10.549ZM16.313,13.27a4.581,4.581,0,0,1-3,3.028,4.3,4.3,0,0,1-3.1-.19.253.253,0,0,1-.068-.407l5.56-5.559a.252.252,0,0,1,.407.067A4.3,4.3,0,0,1,16.313,13.27Z"
                  />
                  <path
                    d="M7.615,13.4a.244.244,0,0,0,.061-.24A4.315,4.315,0,0,1,7.5,12,4.5,4.5,0,0,1,12,7.5a4.276,4.276,0,0,1,1.16.173.244.244,0,0,0,.24-.062l1.941-1.942a.254.254,0,0,0-.1-.421A10.413,10.413,0,0,0,12,4.75C7.7,4.692,3.4,7.7.813,10.549a2.15,2.15,0,0,0-.007,2.9,21.209,21.209,0,0,0,3.438,3.03.256.256,0,0,0,.326-.029Z"
                  />
                </g>
              </svg>
            </button>
          </div>
        </div>
      </div>
      <div
        class="chakra-form-control css-1kxonj9"
        role="group"
      >
        <label
          class="chakra-form__label css-5rqtjg"
          for="field-:r4:"
          id="field-:r4:-label"
        >
          New password
        </label>
        <div
          class="chakra-form-control css-1kxonj9"
          role="group"
        >
          <div
            class="chakra-input__group css-1091msq"
            data-group="true"
          >
            <input
              aria-label="newPassword"
              class="chakra-input css-y1ysar"
              id="field-:r5:"
              name="newPassword"
              role="textbox"
              type="password"
              value=""
            />
            <button
              aria-label="The eye icon"
              class="chakra-input__right-element css-1stj06r"
              data-testid="right-icon-input"
              type="button"
            >
              <svg
                class="chakra-icon css-xnnqpn"
                focusable="false"
                viewBox="0 0 24 24"
              >
                <g
                  fill="currentColor"
                >
                  <path
                    d="M23.2,10.549a20.954,20.954,0,0,0-4.3-3.6l4-3.995a1,1,0,1,0-1.414-1.414l-.018.018a.737.737,0,0,1-.173.291l-19.5,19.5c-.008.007-.018.009-.026.017a1,1,0,0,0,1.631,1.088l4.146-4.146a11.26,11.26,0,0,0,4.31.939h.3c4.256,0,8.489-2.984,11.051-5.8A2.171,2.171,0,0,0,23.2,10.549ZM16.313,13.27a4.581,4.581,0,0,1-3,3.028,4.3,4.3,0,0,1-3.1-.19.253.253,0,0,1-.068-.407l5.56-5.559a.252.252,0,0,1,.407.067A4.3,4.3,0,0,1,16.313,13.27Z"
                  />
                  <path
                    d="M7.615,13.4a.244.244,0,0,0,.061-.24A4.315,4.315,0,0,1,7.5,12,4.5,4.5,0,0,1,12,7.5a4.276,4.276,0,0,1,1.16.173.244.244,0,0,0,.24-.062l1.941-1.942a.254.254,0,0,0-.1-.421A10.413,10.413,0,0,0,12,4.75C7.7,4.692,3.4,7.7.813,10.549a2.15,2.15,0,0,0-.007,2.9,21.209,21.209,0,0,0,3.438,3.03.256.256,0,0,0,.326-.029Z"
                  />
                </g>
              </svg>
            </button>
          </div>
        </div>
        <p
          class="chakra-text css-1iathfz"
        >
          Minimum 8 characters
        </p>
      </div>
      <div
        class="css-szawqj"
      >
        <p
          class="chakra-text css-rj1t1b"
        />
        <div
          class="css-k008qs"
        >
          <button
            aria-label="btn-save-change"
            class="chakra-button css-11exfvr"
            disabled=""
            form="register-form"
            type="submit"
          >
            Save Change
          </button>
        </div>
      </div>
    </form>
    <img
      alt="This is password image"
      class="chakra-image css-1623zui"
      src="images/reset-password.svg"
    />
  </div>
  <span
    hidden=""
    id="__chakra_env"
  />
</DocumentFragment>
`;
