// Jest Snapshot v1, https://goo.gl/fbAQLP

exports[`UsersSection render Should render match with snapshot. 1`] = `
<div>
  <div
    class="css-guq3pd"
  >
    <div
      class="css-1x534rt"
    >
      <div
        class="css-fi53rp"
      >
        <div
          class="chakra-form-control css-1kxonj9"
          role="group"
        >
          <div
            class="chakra-input__group css-1091msq"
            data-group="true"
          >
            <div
              class="chakra-input__left-element css-1kg931p"
            >
              <svg
                fill="none"
                height="20"
                stroke="#94A3B8"
                viewBox="0 0 20 20"
                width="20"
                xmlns="http://www.w3.org/2000/svg"
              >
                <circle
                  cx="9.78639"
                  cy="9.78602"
                  r="8.23951"
                  stroke-linecap="round"
                  stroke-linejoin="round"
                  stroke-width="1.5"
                />
                <path
                  d="M15.5176 15.9447L18.7479 19.1667"
                  stroke-linecap="round"
                  stroke-linejoin="round"
                  stroke-width="1.5"
                />
              </svg>
            </div>
            <input
              class="chakra-input css-1b9f01i"
              id="field-:r0:"
              placeholder="Search by name"
              type="text"
              value=""
            />
          </div>
        </div>
      </div>
    </div>
  </div>
  <span
    hidden=""
    id="__chakra_env"
  />
</div>
`;
